  3oqnyE-86gI-ZcF4-or87-Jt1j-6DdQ-hcGUyl|0574c3f6-3d44-4cc7-98e3-6d90626dd95f|3386c6f2-926f-42c4-839c-38287fac8998|-wi-----|2147483648|0|/dev/mapper/1Dafna-rhevm11333889(195)|PU_00000000-0000-0000-0000-000000000000,MD_17,IU_ae863f0d-0f24-41d4-b6ed-333c6634c7dc
  c6fE1p-7Uwi-tnPA-CZjt-uxwg-j5aK-bWbs34|0641b528-c72c-45ed-94bc-7090085a0d4b|3386c6f2-926f-42c4-839c-38287fac8998|-wi-----|2147483648|0|/dev/mapper/1Dafna-rhevm11333889(259)|IU_d6d785cd-e244-4949-a849-3f98138dc758,PU_00000000-0000-0000-0000-000000000000,MD_21
  ju1mna-9CU4-QwEH-lC74-fOM1-bq2w-rMhTAx|128f0b4a-2ed0-4ea1-84a5-105c6721f4b7|3386c6f2-926f-42c4-839c-38287fac8998|-wi-----|2147483648|0|/dev/mapper/1Dafna-rhevm11333889(211)|MD_24,PU_00000000-0000-0000-0000-000000000000,IU_8e6eef9f-457b-4145-ace7-19d35938a80b
  0XEEv2-uysB-Lm23-kTwj-VdLA-pgOA-R8QJrp|16166e99-a723-4a2a-a2e8-28e219229332|3386c6f2-926f-42c4-839c-38287fac8998|-wi-----|2147483648|0|/dev/mapper/1Dafna-rhevm11333889(337)|PU_00000000-0000-0000-0000-000000000000,MD_28,IU_5c9afa6a-44c3-49a6-b106-1779f0a280ce
  z0QYAw-VFUH-ogQv-y0IP-8Lx5-ZHg7-WooCHU|2418b831-276e-4522-b2c0-99284485d2f3|3386c6f2-926f-42c4-839c-38287fac8998|-wi-----|2147483648|0|/dev/mapper/1Dafna-rhevm11333889(31)|PU_00000000-0000-0000-0000-000000000000,IU_2a845069-5c2f-4290-9c21-f359983be99c,MD_5
  cX25T1-YefW-3oW3-CjwL-bBTp-wx7h-gLpgl0|2b2a6750-67e7-4c9e-a63a-66b564b941ad|3386c6f2-926f-42c4-839c-38287fac8998|-wi-----|3221225472|0|/dev/mapper/1Dafna-rhevm11333889(111)|MD_6,IU_946336e7-189b-4535-b32c-0df1174a63bd,PU_00000000-0000-0000-0000-000000000000
  bP284e-fCKB-WsbD-095G-z2cg-n1bi-ebHKkh|3fc4fd44-6d75-4b48-aafc-d72c7bba10d9|3386c6f2-926f-42c4-839c-38287fac8998|-wi-a---|1073741824|0|/dev/mapper/1Dafna-rhevm11333889(227)|MD_18,PU_0574c3f6-3d44-4cc7-98e3-6d90626dd95f,IU_ae863f0d-0f24-41d4-b6ed-333c6634c7dc
  qgavh8-TcJM-ck5A-gQsc-z4lG-CMsB-aW11Ml|58cb56f3-775e-410b-acab-476edbcbb731|3386c6f2-926f-42c4-839c-38287fac8998|-wi-----|2147483648|0|/dev/mapper/1Dafna-rhevm11333889(321)|IU_9c908911-d4f4-4359-b898-673cda8e1f8a,MD_27,PU_00000000-0000-0000-0000-000000000000
  0UogVe-ijUI-sm2H-fHnz-FJQa-Rygm-BcAOFL|5bb8c0fb-878b-48d0-a308-218bb64cb5c4|3386c6f2-926f-42c4-839c-38287fac8998|-ri-----|2147483648|0|/dev/mapper/1Dafna-rhevm11333889(95)|IU_65ba1841-b529-4698-8fdb-3b36e1acc90d,PU_00000000-0000-0000-0000-000000000000,MD_9
  87oZ2b-h0HE-os2V-sAHc-3Hg3-kIYu-sP5oXf|701c585b-5dbb-4f9b-803d-0d9e105f7ae9|3386c6f2-926f-42c4-839c-38287fac8998|-wi-----|3221225472|0|/dev/mapper/1Dafna-rhevm11333889(275)|MD_25,PU_00000000-0000-0000-0000-000000000000,IU_96421efb-cf1f-430f-acdb-94c4dea7ac61
  JUCCZV-1mdV-7Uy3-xGRG-ESGp-LPbL-6FuklQ|7de9c631-113e-461f-97e7-8d115dd501e2|3386c6f2-926f-42c4-839c-38287fac8998|-ri-----|2415919104|0|/dev/mapper/1Dafna-rhevm11333889(161)|MD_15,PU_00000000-0000-0000-0000-000000000000,IU_699c0710-58ac-4cca-be3a-2150aa485120
  zSxKES-5FrL-Roe4-HtRz-Fkfv-RMS6-tVi5hc|8c4e78ee-ebda-4621-a828-73f32cdd6fa6|3386c6f2-926f-42c4-839c-38287fac8998|-wi-a---|1073741824|0|/dev/mapper/1Dafna-rhevm11333889(143)|PU_98e55d6c-97c7-408d-b3f4-891464bf6949,MD_11,IU_a33548f1-5190-463f-9980-0dada888fa71
  SimrqR-IIXb-RIoq-0BGM-rdGr-r7IX-D5rCeB|98e55d6c-97c7-408d-b3f4-891464bf6949|3386c6f2-926f-42c4-839c-38287fac8998|-wi-a---|2147483648|0|/dev/mapper/1Dafna-rhevm11333889(179)|MD_4,PU_00000000-0000-0000-0000-000000000000,IU_a33548f1-5190-463f-9980-0dada888fa71
  0saC64-fGM1-VYSI-noWT-2eKG-bqpi-rzyBDp|9f3d3cfa-312e-4bb9-a4f2-0ffb28a32041|3386c6f2-926f-42c4-839c-38287fac8998|-wi-a---|1073741824|0|/dev/mapper/1Dafna-rhevm11333889(377)|MD_32,IU_a33548f1-5190-463f-9980-0dada888fa71,PU_db41b4f5-a5d8-46a4-976b-d979eea29597
  uFQU9t-VxEU-hcur-aE0f-1fgM-WGPg-TUuA4p|af712e91-74c1-4cfb-aa13-35dad4848498|3386c6f2-926f-42c4-839c-38287fac8998|-wi-----|2147483648|0|/dev/mapper/1Dafna-rhevm11333889(63)|IU_04ee6a38-2b3b-4324-bbca-7e95c7dccee6,PU_00000000-0000-0000-0000-000000000000,MD_22
  kEJPEb-rZ1r-mNzj-cdt2-PcSG-apbi-uyn1Xz|b31e67e1-37f8-4dc1-b6c7-fb0b4eb802e9|3386c6f2-926f-42c4-839c-38287fac8998|-wi-----|2415919104|0|/dev/mapper/1Dafna-rhevm11333889(369)|IU_2a845069-5c2f-4290-9c21-f359983be99c,MD_31,PU_e3254032-081e-436d-8145-799ba072efac
  kEJPEb-rZ1r-mNzj-cdt2-PcSG-apbi-uyn1Xz|b31e67e1-37f8-4dc1-b6c7-fb0b4eb802e9|3386c6f2-926f-42c4-839c-38287fac8998|-wi-----|2415919104|8|/dev/mapper/1Dafna-rhevm11333889(385)|IU_2a845069-5c2f-4290-9c21-f359983be99c,MD_31,PU_e3254032-081e-436d-8145-799ba072efac
  dRMaqS-IMJX-dQGp-3mme-FSVu-oeeY-nZzUPt|c9822d4b-3b82-4423-af08-a2cde4669c19|3386c6f2-926f-42c4-839c-38287fac8998|-wi-ao--|3221225472|0|/dev/mapper/1Dafna-rhevm11333889(151)|PU_00000000-0000-0000-0000-000000000000,IU_2f7e5199-1ace-4362-b1db-72bc1834cd4e,MD_12
  dRMaqS-IMJX-dQGp-3mme-FSVu-oeeY-nZzUPt|c9822d4b-3b82-4423-af08-a2cde4669c19|3386c6f2-926f-42c4-839c-38287fac8998|-wi-ao--|3221225472|10|/dev/mapper/1Dafna-rhevm11333889(299)|PU_00000000-0000-0000-0000-000000000000,IU_2f7e5199-1ace-4362-b1db-72bc1834cd4e,MD_12
  ZwHqlz-N19b-YJHv-akDn-OPiz-kmEm-ajUXHy|cfc85dd2-3a44-42db-b7ac-2d9b38d2a852|3386c6f2-926f-42c4-839c-38287fac8998|-wi-----|3221225472|0|/dev/mapper/1Dafna-rhevm11333889(79)|PU_00000000-0000-0000-0000-000000000000,IU_7666c8e5-6fe3-4a36-89b3-631143d20d4c,MD_26
  ZwHqlz-N19b-YJHv-akDn-OPiz-kmEm-ajUXHy|cfc85dd2-3a44-42db-b7ac-2d9b38d2a852|3386c6f2-926f-42c4-839c-38287fac8998|-wi-----|3221225472|16|/dev/mapper/1Dafna-rhevm11333889(313)|PU_00000000-0000-0000-0000-000000000000,IU_7666c8e5-6fe3-4a36-89b3-631143d20d4c,MD_26
  BVPdtB-JuAf-9rOU-4Gfw-tW2P-juMd-mIVYy4|da048998-d979-46de-83aa-e742fab8adcd|3386c6f2-926f-42c4-839c-38287fac8998|-wi-a---|2147483648|0|/dev/mapper/1Dafna-rhevm11333889(243)|PU_00000000-0000-0000-0000-000000000000,MD_20,IU_9f3faf39-ab68-465a-8e34-d8e80c8dc349
  eZmltc-wowr-SBCE-5bxj-whpe-QXU0-RagkDS|db41b4f5-a5d8-46a4-976b-d979eea29597|3386c6f2-926f-42c4-839c-38287fac8998|-wi-a---|1073741824|0|/dev/mapper/1Dafna-rhevm11333889(353)|PU_8c4e78ee-ebda-4621-a828-73f32cdd6fa6,MD_29,IU_a33548f1-5190-463f-9980-0dada888fa71
  IjyybF-bKav-ioEF-QsP3-338E-KOO8-RP3Fux|e3254032-081e-436d-8145-799ba072efac|3386c6f2-926f-42c4-839c-38287fac8998|-ri-----|1073741824|0|/dev/mapper/1Dafna-rhevm11333889(235)|IU_2a845069-5c2f-4290-9c21-f359983be99c,MD_7,PU_2418b831-276e-4522-b2c0-99284485d2f3
  BscXTq-mj0P-KZuK-tP6f-AYTO-3zcN-o6t9UM|fda34cd3-53bf-44e9-91cf-ace3d712b21a|3386c6f2-926f-42c4-839c-38287fac8998|-wi-ao--|2147483648|0|/dev/mapper/1Dafna-rhevm11333889(47)|IU_a4c4a7bc-ce13-479f-99fd-7e18a6252b07,PU_00000000-0000-0000-0000-000000000000,MD_13
  dk3Oyo-u3KE-yJHh-Tm3B-hjOl-1ks3-a74iF8|feddb896-170c-46aa-bd4b-356ebd6ca417|3386c6f2-926f-42c4-839c-38287fac8998|-wi-a---|1073741824|0|/dev/mapper/1Dafna-rhevm11333889(135)|IU_946336e7-189b-4535-b32c-0df1174a63bd,PU_2b2a6750-67e7-4c9e-a63a-66b564b941ad,MD_10
  ziEKBc-ntEb-oTvb-5uYs-W24c-6lAP-RUYv13|ids|3386c6f2-926f-42c4-839c-38287fac8998|-wi-a---|134217728|0|/dev/mapper/1Dafna-rhevm11333889(20)|
  c3H1sy-PFmB-6Trr-5f08-1ZvI-tU8j-bFponB|inbox|3386c6f2-926f-42c4-839c-38287fac8998|-wi-a---|134217728|0|/dev/mapper/1Dafna-rhevm11333889(21)|
  da0ZI7-3g8c-vaig-K4cU-d70Z-B1ci-f1zeJA|leases|3386c6f2-926f-42c4-839c-38287fac8998|-wi-a---|2147483648|0|/dev/mapper/1Dafna-rhevm11333889(4)|
  pKF5Mo-Ud0T-Z8fp-NNlv-FZe0-izuh-v8XjJT|master|3386c6f2-926f-42c4-839c-38287fac8998|-wi-ao--|1073741824|0|/dev/mapper/1Dafna-rhevm11333889(23)|
  5oRrZ7-ibA7-Qx7d-peX2-zoXr-okZt-g9BwPi|metadata|3386c6f2-926f-42c4-839c-38287fac8998|-wi-a---|536870912|0|/dev/mapper/1Dafna-rhevm11333889(0)|
  A3ReZW-YMBD-69WV-diwc-H0WJ-ugtm-ikJ0dM|outbox|3386c6f2-926f-42c4-839c-38287fac8998|-wi-a---|134217728|0|/dev/mapper/1Dafna-rhevm11333889(22)|
