<capabilities>

  <host>
    <uuid>67d33f7c-3d15-11e2-b5ba-0021cc68d738</uuid>
    <cpu>
      <arch>x86_64</arch>
      <model>SandyBridge</model>
      <vendor>Intel</vendor>
      <topology sockets='1' cores='6' threads='2'/>
      <feature name='osxsave'/>
      <feature name='pcid'/>
      <feature name='pdcm'/>
      <feature name='xtpr'/>
      <feature name='tm2'/>
      <feature name='est'/>
      <feature name='smx'/>
      <feature name='vmx'/>
      <feature name='ds_cpl'/>
      <feature name='monitor'/>
      <feature name='dtes64'/>
      <feature name='pbe'/>
      <feature name='tm'/>
      <feature name='ht'/>
      <feature name='ss'/>
      <feature name='acpi'/>
      <feature name='ds'/>
      <feature name='vme'/>
    </cpu>
    <power_management>
      <suspend_mem/>
      <suspend_disk/>
      <suspend_hybrid/>
    </power_management>
    <migration_features>
      <live/>
      <uri_transports>
        <uri_transport>tcp</uri_transport>
      </uri_transports>
    </migration_features>
    <topology>
      <cells num='2'>
        <cell id='0'>
          <cpus num='12'>
            <cpu id='0'/>
            <cpu id='2'/>
            <cpu id='4'/>
            <cpu id='6'/>
            <cpu id='8'/>
            <cpu id='10'/>
            <cpu id='12'/>
            <cpu id='14'/>
            <cpu id='16'/>
            <cpu id='18'/>
            <cpu id='20'/>
            <cpu id='22'/>
          </cpus>
        </cell>
        <cell id='1'>
          <cpus num='12'>
            <cpu id='1'/>
            <cpu id='3'/>
            <cpu id='5'/>
            <cpu id='7'/>
            <cpu id='9'/>
            <cpu id='11'/>
            <cpu id='13'/>
            <cpu id='15'/>
            <cpu id='17'/>
            <cpu id='19'/>
            <cpu id='21'/>
            <cpu id='23'/>
          </cpus>
        </cell>
      </cells>

    </topology>
    <secmodel>
      <model>selinux</model>
      <doi>0</doi>
    </secmodel>
    <secmodel>
      <model>dac</model>
      <doi>0</doi>
    </secmodel>
  </host>

  <guest>
    <os_type>hvm</os_type>
    <arch name='i686'>
      <wordsize>32</wordsize>
      <emulator>/usr/bin/qemu-system-i386</emulator>
      <machine>pc-1.2</machine>
      <machine>none</machine>
      <machine canonical='pc-1.2'>pc</machine>
      <machine>pc-1.1</machine>
      <machine>pc-1.0</machine>
      <machine>pc-0.15</machine>
      <machine>pc-0.14</machine>
      <machine>pc-0.13</machine>
      <machine>pc-0.12</machine>
      <machine>pc-0.11</machine>
      <machine>pc-0.10</machine>
      <machine>isapc</machine>
      <domain type='qemu'>
      </domain>
      <domain type='kvm'>
        <emulator>/usr/bin/qemu-kvm</emulator>
        <machine>pc-1.2</machine>
        <machine>none</machine>
        <machine canonical='pc-1.2'>pc</machine>
        <machine>pc-1.1</machine>
        <machine>pc-1.0</machine>
        <machine>pc-0.15</machine>
        <machine>pc-0.14</machine>
        <machine>pc-0.13</machine>
        <machine>pc-0.12</machine>
        <machine>pc-0.11</machine>
        <machine>pc-0.10</machine>
        <machine>isapc</machine>
      </domain>
    </arch>
    <features>
      <cpuselection/>
      <deviceboot/>
      <acpi default='on' toggle='yes'/>
      <apic default='on' toggle='no'/>
      <pae/>
      <nonpae/>
    </features>
  </guest>

  <guest>
    <os_type>hvm</os_type>
    <arch name='x86_64'>
      <wordsize>64</wordsize>
      <emulator>/usr/bin/qemu-system-x86_64</emulator>
      <machine>pc-1.2</machine>
      <machine>none</machine>
      <machine canonical='pc-1.2'>pc</machine>
      <machine>pc-1.1</machine>
      <machine>pc-1.0</machine>
      <machine>pc-0.15</machine>
      <machine>pc-0.14</machine>
      <machine>pc-0.13</machine>
      <machine>pc-0.12</machine>
      <machine>pc-0.11</machine>
      <machine>pc-0.10</machine>
      <machine>isapc</machine>
      <domain type='qemu'>
      </domain>
      <domain type='kvm'>
        <emulator>/usr/bin/qemu-kvm</emulator>
        <machine>pc-1.2</machine>
        <machine>none</machine>
        <machine canonical='pc-1.2'>pc</machine>
        <machine>pc-1.1</machine>
        <machine>pc-1.0</machine>
        <machine>pc-0.15</machine>
        <machine>pc-0.14</machine>
        <machine>pc-0.13</machine>
        <machine>pc-0.12</machine>
        <machine>pc-0.11</machine>
        <machine>pc-0.10</machine>
        <machine>isapc</machine>
      </domain>
    </arch>
    <features>
      <cpuselection/>
      <deviceboot/>
      <acpi default='on' toggle='yes'/>
      <apic default='on' toggle='no'/>
    </features>
  </guest>

</capabilities>

