['/rhev/data-center/mnt/qanashead.qa.lab.tlv.redhat.com:_export_leonid/1c60971a-8647-44ac-ae33-6520887f8843/images/5a481bbb-e259-427b-9e59-17a35166395c/b29b49db-a814-4e91-b990-05a6a8ba9033.meta', '/rhev/data-center/mnt/qanashead.qa.lab.tlv.redhat.com:_export_leonid/1c60971a-8647-44ac-ae33-6520887f8843/images/7fccc8ef-596b-4632-bc8b-47d69576d02d/f0447a23-9849-43e9-ad09-1e604adba473.meta', '/rhev/data-center/mnt/qanashead.qa.lab.tlv.redhat.com:_export_leonid/1c60971a-8647-44ac-ae33-6520887f8843/images/7fccc8ef-596b-4632-bc8b-47d69576d02d/90e29ef5-988b-4069-b53d-a8e0fd85b805.meta', '/rhev/data-center/mnt/qanashead.qa.lab.tlv.redhat.com:_export_leonid/1c60971a-8647-44ac-ae33-6520887f8843/images/d3df6efc-b0af-448f-b5c9-31eddf3164bb/963e8158-1104-4317-9f38-7095b1f1ab7c.meta', '/rhev/data-center/mnt/qanashead.qa.lab.tlv.redhat.com:_export_leonid/1c60971a-8647-44ac-ae33-6520887f8843/images/d3df6efc-b0af-448f-b5c9-31eddf3164bb/36c42d2b-f12e-4e43-a197-a3bd70f8ae38.meta', '/rhev/data-center/mnt/qanashead.qa.lab.tlv.redhat.com:_export_leonid/1c60971a-8647-44ac-ae33-6520887f8843/images/d3df6efc-b0af-448f-b5c9-31eddf3164bb/90e29ef5-988b-4069-b53d-a8e0fd85b805.meta', '/rhev/data-center/mnt/qanashead.qa.lab.tlv.redhat.com:_export_leonid/1c60971a-8647-44ac-ae33-6520887f8843/images/b0e9e7af-bd04-47a7-b469-af2603d7d387/3a522f49-1c6a-492a-a1b8-842738dd325d.meta', '/rhev/data-center/mnt/qanashead.qa.lab.tlv.redhat.com:_export_leonid/1c60971a-8647-44ac-ae33-6520887f8843/images/686f9732-1939-489c-8de8-7f38015f8bd1/99721285-5f8e-4646-a4e7-cd4bb8ea8b02.meta', '/rhev/data-center/mnt/qanashead.qa.lab.tlv.redhat.com:_export_leonid/1c60971a-8647-44ac-ae33-6520887f8843/images/d3acfb07-4f99-402e-9498-d3cffacb9abc/4b240fc8-f80e-4a81-aa42-b31df2d47782.meta', '/rhev/data-center/mnt/qanashead.qa.lab.tlv.redhat.com:_export_leonid/1c60971a-8647-44ac-ae33-6520887f8843/images/692fbedf-534d-42eb-b723-52940170adac/9b9186bf-7b7b-415c-a358-02dcf0d3de52.meta', '/rhev/data-center/mnt/qanashead.qa.lab.tlv.redhat.com:_export_leonid/1c60971a-8647-44ac-ae33-6520887f8843/images/692fbedf-534d-42eb-b723-52940170adac/90e29ef5-988b-4069-b53d-a8e0fd85b805.meta', '/rhev/data-center/mnt/qanashead.qa.lab.tlv.redhat.com:_export_leonid/1c60971a-8647-44ac-ae33-6520887f8843/images/7ea080e1-d99b-4900-9399-e4919209fd47/90e29ef5-988b-4069-b53d-a8e0fd85b805.meta', '/rhev/data-center/mnt/qanashead.qa.lab.tlv.redhat.com:_export_leonid/1c60971a-8647-44ac-ae33-6520887f8843/images/cd32daba-0d91-42da-91f7-7158a1e9db3e/abf17a9b-3e96-4b70-9d75-aa3cd7e639a5.meta', '/rhev/data-center/mnt/qanashead.qa.lab.tlv.redhat.com:_export_leonid/1c60971a-8647-44ac-ae33-6520887f8843/images/94224eff-3c0a-455d-bd19-530b31be43d9/6ee03d5e-9950-42d2-870c-034c3a5393e6.meta', '/rhev/data-center/mnt/qanashead.qa.lab.tlv.redhat.com:_export_leonid/1c60971a-8647-44ac-ae33-6520887f8843/images/94224eff-3c0a-455d-bd19-530b31be43d9/90e29ef5-988b-4069-b53d-a8e0fd85b805.meta']