1: lo: <LOOPBACK,UP,LOWER_UP> mtu 16436 qdisc noqueue state UNKNOWN mode DEFAULT 
    link/loopback 00:00:00:00:00:00 brd 00:00:00:00:00:00
2: eth0: <BROADCAST,MULTICAST,UP,LOWER_UP> mtu 1500 qdisc pfifo_fast master ovirtmgmt state UP mode DEFAULT qlen 1000
    link/ether 00:16:3e:e3:68:64 brd ff:ff:ff:ff:ff:ff
3: eth1: <BROADCAST,MULTICAST> mtu 1500 qdisc noop state DOWN mode DEFAULT qlen 1000
    link/ether 52:54:00:de:44:dd brd ff:ff:ff:ff:ff:ff
4: eth2: <BROADCAST,MULTICAST> mtu 1500 qdisc noop state DOWN mode DEFAULT qlen 1000
    link/ether 52:54:00:df:89:d9 brd ff:ff:ff:ff:ff:ff
5: ovirtmgmt: <BROADCAST,MULTICAST,UP,LOWER_UP> mtu 1500 qdisc noqueue state UP mode DEFAULT 
    link/ether 00:16:3e:e3:68:64 brd ff:ff:ff:ff:ff:ff
    bridge 
7: ;vdsmdummy;: <BROADCAST,MULTICAST> mtu 1500 qdisc noop state DOWN mode DEFAULT 
    link/ether 92:63:1c:88:31:ef brd ff:ff:ff:ff:ff:ff
    bridge 
8: bond0: <NO-CARRIER,BROADCAST,MULTICAST,MASTER,UP> mtu 1500 qdisc noqueue state DOWN mode DEFAULT 
    link/ether 00:00:00:00:00:00 brd ff:ff:ff:ff:ff:ff
    bond 
9: bond4: <BROADCAST,MULTICAST,MASTER> mtu 1500 qdisc noop state DOWN mode DEFAULT 
    link/ether 00:00:00:00:00:00 brd ff:ff:ff:ff:ff:ff
    bond 
10: eth0.10@eth0: <BROADCAST,MULTICAST> mtu 1500 qdisc noop state DOWN mode DEFAULT 
    link/ether 00:16:3e:e3:68:64 brd ff:ff:ff:ff:ff:ff
    vlan id 10 <REORDER_HDR> 
11: eth2.20@eth2: <BROADCAST,MULTICAST> mtu 1500 qdisc noop state DOWN mode DEFAULT 
    link/ether 52:54:00:df:89:d9 brd ff:ff:ff:ff:ff:ff
    vlan id 20 <REORDER_HDR> 
12: vnet0: <BROADCAST,MULTICAST,UP,LOWER_UP> mtu 1500 qdisc pfifo_fast master virbr1 state UNKNOWN mode DEFAULT qlen 500
    link/ether fe:16:3e:e3:68:64 brd ff:ff:ff:ff:ff:ff
    tun 
13: dummy0: <BROADCAST,NOARP> mtu 1500 qdisc noop state DOWN mode DEFAULT 
    link/ether 22:f8:79:a7:3d:00 brd ff:ff:ff:ff:ff:ff
    dummy 
