Iface	Destination	Gateway 	Flags	RefCnt	Use	Metric	Mask		MTU	Window	IRTT
wlan0	0081C90A	00000000	0001	0	0	2	00FFFFFF	0	0	0
virbr0	007AA8C0	00000000	0001	0	0	0	00FFFFFF	0	0	0
eth0	0000230A	00000000	0001	0	0	0	00FEFFFF	0	0	0
eth0	0000FEA9	00000000	0001	0	0	1002	0000FFFF	0	0	0
eth0	00000000	FE01230A	0003	0	0	0	00000000	0	0	0
