Iface	Destination	Gateway 	Flags	RefCnt	Use	Metric	Mask		MTU	Window	IRTT
wlan0	0AC98100	00000000	0001	0	0	2	FFFFFF00	0	0	0
virbr0	C0A87A00	00000000	0001	0	0	0	FFFFFF00	0	0	0
eth0	0A230000	00000000	0001	0	0	0	FFFFFE00	0	0	0
eth0	A9FE0000	00000000	0001	0	0	1002	FFFF0000	0	0	0
eth0	00000000	0A2301FE	0003	0	0	0	00000000	0	0	0
