240.0.0.0/24 dev test-network  proto kernel  scope link  src 240.0.0.1 
10.34.60.0/22 dev eth1  proto kernel  scope link  src 10.34.60.31 
169.254.0.0/16 dev eth1  scope link  metric 1002 
default via 10.34.63.254 dev eth1 
240.0.0.0/24 via 240.0.0.1 dev test-network  table 4026531841 
default via 240.0.0.254 dev test-network  table 4026531841 
broadcast 127.255.255.255 dev lo  table local  proto kernel  scope link  src 127.0.0.1 
broadcast 240.0.0.255 dev test-network  table local  proto kernel  scope link  src 240.0.0.1 
local 10.34.60.31 dev eth1  table local  proto kernel  scope host  src 10.34.60.31 
local 240.0.0.1 dev test-network  table local  proto kernel  scope host  src 240.0.0.1 
broadcast 240.0.0.0 dev test-network  table local  proto kernel  scope link  src 240.0.0.1 
broadcast 10.34.60.0 dev eth1  table local  proto kernel  scope link  src 10.34.60.31 
broadcast 10.34.63.255 dev eth1  table local  proto kernel  scope link  src 10.34.60.31 
broadcast 127.0.0.0 dev lo  table local  proto kernel  scope link  src 127.0.0.1 
local 127.0.0.1 dev lo  table local  proto kernel  scope host  src 127.0.0.1 
local 127.0.0.0/8 dev lo  table local  proto kernel  scope host  src 127.0.0.1 
unreachable ::/96 dev lo  metric 1024  error -101 mtu 16436 advmss 16376 hoplimit 4294967295
unreachable ::ffff:0.0.0.0/96 dev lo  metric 1024  error -101 mtu 16436 advmss 16376 hoplimit 4294967295
unreachable 2002:a00::/24 dev lo  metric 1024  error -101 mtu 16436 advmss 16376 hoplimit 4294967295
unreachable 2002:7f00::/24 dev lo  metric 1024  error -101 mtu 16436 advmss 16376 hoplimit 4294967295
unreachable 2002:a9fe::/32 dev lo  metric 1024  error -101 mtu 16436 advmss 16376 hoplimit 4294967295
unreachable 2002:ac10::/28 dev lo  metric 1024  error -101 mtu 16436 advmss 16376 hoplimit 4294967295
unreachable 2002:c0a8::/32 dev lo  metric 1024  error -101 mtu 16436 advmss 16376 hoplimit 4294967295
unreachable 2002:e000::/19 dev lo  metric 1024  error -101 mtu 16436 advmss 16376 hoplimit 4294967295
unreachable 3ffe:ffff::/32 dev lo  metric 1024  error -101 mtu 16436 advmss 16376 hoplimit 4294967295
fe80::/64 dev eth1  proto kernel  metric 256  mtu 1500 advmss 1440 hoplimit 4294967295
fe80::/64 dev dummy_45  proto kernel  metric 256  mtu 1500 advmss 1440 hoplimit 4294967295
fe80::/64 dev test-network  proto kernel  metric 256  mtu 1500 advmss 1440 hoplimit 4294967295
unreachable default dev lo  table unspec  proto kernel  metric -1  error -101 hoplimit 255
local ::1 via :: dev lo  table local  proto none  metric 0  mtu 16436 advmss 16376 hoplimit 4294967295
local fe80::201:a4ff:feac:8702 via :: dev lo  table local  proto none  metric 0  mtu 16436 advmss 16376 hoplimit 4294967295
local fe80::bcca:7fff:fe35:44ca via :: dev lo  table local  proto none  metric 0  mtu 16436 advmss 16376 hoplimit 4294967295
local fe80::bcca:7fff:fe35:44ca via :: dev lo  table local  proto none  metric 0  mtu 16436 advmss 16376 hoplimit 4294967295
ff02::1 via ff02::1 dev eth1  metric 0 
    cache  mtu 1500 advmss 1440 hoplimit 4294967295
ff00::/8 dev eth1  table local  metric 256  mtu 1500 advmss 1440 hoplimit 4294967295
ff00::/8 dev dummy_45  table local  metric 256  mtu 1500 advmss 1440 hoplimit 4294967295
ff00::/8 dev test-network  table local  metric 256  mtu 1500 advmss 1440 hoplimit 4294967295
unreachable default dev lo  table unspec  proto kernel  metric -1  error -101 hoplimit 255
